   1:	0000  31FFFF  		LD SP,65535
   2:				
   3:	0003  3E05    		LD A,5
   4:	0005  CD0900  		CALL factorial
   5:				
   6:	0008  76      		HALT
   7:			
   8:	0009          	factorial:
   9:	0009  4F      		LD C,A
  10:	000A  3E01    		LD A,1
  11:			
  12:	000C  0C      		INC C		; TODO find better way to test counter
  13:	000D  0D      		DEC C
  14:			
  15:	000E          	.factorial_loop
  16:	000E  CA1C00  		JP Z,factorial_done
  17:	0011  47      		LD B,A		; save for later
  18:	0012  79      		LD A,C
  19:	0013  C5      		PUSH BC
  20:	0014  CD1D00  		CALL mul8
  21:	0017  C1      		POP BC
  22:	0018  0D      		DEC C
  23:			
  24:	0019  C30E00  		JP factorial_loop
  25:			
  26:	001C          	.factorial_done
  27:	001C  C9      		RET
  28:			
  29:	001D          	mul8:
  30:	001D  4F      		LD C,A
  31:	001E  3E00    		LD A,0
  32:			
  33:	0020  0C      		INC C 		; TODO find better way to test counter
  34:	0021  0D      		DEC C
  35:			
  36:	0022          	.mul8_loop
  37:	0022  CA2A00  		JP Z,mul8_done
  38:	0025  80      		ADD A,B
  39:	0026  0D      		DEC C
  40:	0027  C32200  		JP mul8_loop
  41:			
  42:	002A          	.mul8_done
  43:	002A  C9      		RET
  44:			
  45:			
**** code.z80 ****



Statistics:

     6	symbols
    43	bytes



Symbol Table:

factorial          9     mul8              1d     
factorial_done    1c     mul8_done         2a     
factorial_loop     e     mul8_loop         22     
